Adding SPI flash device
ets Jul 29 2019 12:21:46

rst:0x1 (POWERON_RESET),boot:0x12 (SPI_FAST_FLASH_BOOT)
configsip: 0, SPIWP:0xee
clk_drv:0x00,q_drv:0x00,d_drv:0x00,cs0_drv:0x00,hd_drv:0x00,wp_drv:0x00
mode:DIO, clock div:2
load:0x3fff0030,len:6380
ho 0 tail 12 room 4
load:0x40078000,len:15916
load:0x40080400,len:3860
entry 0x40080638
I (655) boot: ESP-IDF v5.5.1 2nd stage bootloader
I (656) boot: compile time Dec 31 2025 10:31:54
I (656) boot: Multicore bootloader
I (686) boot: chip revision: v0.0
I (688) boot.esp32: SPI Speed      : 40MHz
I (689) boot.esp32: SPI Mode       : DIO
I (689) boot.esp32: SPI Flash Size : 2MB
I (695) boot: Enabling RNG early entropy source...
I (702) boot: Partition Table:
I (702) boot: ## Label            Usage          Type ST Offset   Length
I (702) boot:  0 nvs              WiFi data        01 02 00009000 00006000
I (702) boot:  1 phy_init         RF data          01 01 0000f000 00001000
I (702) boot:  2 factory          factory app      00 00 00010000 00100000
I (705) boot: End of partition table
I (737) esp_image: segment 0: paddr=00010020 vaddr=3f400020 size=0d234h ( 53812) map
I (754) esp_image: segment 1: paddr=0001d25c vaddr=3ffb0000 size=02560h (  9568) load
I (766) esp_image: segment 2: paddr=0001f7c4 vaddr=40080000 size=00854h (  2132) load
I (780) esp_image: segment 3: paddr=00020020 vaddr=400d0020 size=1fea8h (130728) map
I (805) esp_image: segment 4: paddr=0003fed0 vaddr=40080854 size=0e160h ( 57696) load
I (822) esp_image: segment 5: paddr=0004e038 vaddr=50000000 size=00020h (    32) load
I (859) boot: Loaded app from partition at offset 0x10000
I (859) boot: Disabling RNG early entropy source...
I (872) cpu_start: Multicore app
I (1450) cpu_start: Pro cpu start user code
I (1451) cpu_start: cpu freq: 160000000 Hz
I (1451) app_init: Application information:
I (1451) app_init: Project name:     arduino_to_esp
I (1451) app_init: App version:      v0.31.1-20-g87564319-dirty
I (1451) app_init: Compile time:     Jan  6 2026 12:10:29
I (1452) app_init: ELF file SHA256:  a7ad31aae...
I (1452) app_init: ESP-IDF:          v5.5.1
I (1452) efuse_init: Min chip rev:     v0.0
I (1452) efuse_init: Max chip rev:     v3.99 
I (1452) efuse_init: Chip rev:         v0.0
I (1453) heap_init: Initializing. RAM available for dynamic allocation:
I (1454) heap_init: At 3FFAE6E0 len 00001920 (6 KiB): DRAM
I (1454) heap_init: At 3FFB34A8 len 0002CB58 (178 KiB): DRAM
I (1454) heap_init: At 3FFE0440 len 00003AE0 (14 KiB): D/IRAM
I (1454) heap_init: At 3FFE4350 len 0001BCB0 (111 KiB): D/IRAM
I (1454) heap_init: At 4008E9B4 len 0001164C (69 KiB): IRAM
I (1471) spi_flash: detected chip: gd
I (1474) spi_flash: flash io: dio
W (1480) spi_flash: Detected size(4096k) larger than the size in the binary image header(2048k). Using the size in the binary image header.
I (1487) main_task: Started on CPU0
I (1491) main_task: Calling app_main()
I (1724) main_task: Returned from app_main()
I (1726) uart: queue free spaces: 20
Hello, W!
E (6726) task_wdt: Task watchdog got triggered. The following tasks/users did not reset the watchdog in time:
qemu-system-xtensa: terminating on signal 15 from pid 20498 (timeout)
